============================= test session starts =============================
platform win32 -- Python 3.11.5, pytest-7.4.0, pluggy-1.0.0
rootdir: C:\Users\ibrah\OneDrive\Pictures\Masa³st³\retail-dss-project
plugins: anyio-4.12.1, Faker-40.1.2
collected 0 items / 1 error

=================================== ERRORS ====================================
___________ ERROR collecting backend/tests/test_pos_loyalty_full.py ___________
ImportError while importing test module 'C:\Users\ibrah\OneDrive\Pictures\Masa³st³\retail-dss-project\backend\tests\test_pos_loyalty_full.py'.
Hint: make sure your test modules/packages have valid Python names.
Traceback:
..\..\..\..\anaconda3\Lib\importlib\__init__.py:126: in import_module
    return _bootstrap._gcd_import(name[level:], package, level)
backend\tests\test_pos_loyalty_full.py:5: in <module>
    from main import app
backend\main.py:4: in <module>
    from database import async_engine, Base, get_db, get_sync_db
backend\database.py:4: in <module>
    from core.config import settings
backend\core\config.py:1: in <module>
    from pydantic_settings import BaseSettings, SettingsConfigDict
E   ModuleNotFoundError: No module named 'pydantic_settings'
=========================== short test summary info ===========================
ERROR backend/tests/test_pos_loyalty_full.py
!!!!!!!!!!!!!!!!!!! Interrupted: 1 error during collection !!!!!!!!!!!!!!!!!!!!
============================== 1 error in 0.71s ===============================
